!****************  ECF CORE EXAMPLES CONTRIBUTION  ************************************************* 

feature@org.eclipse.ecf.examples=@CVSTag@,:pserver:anonymous@dev.eclipse.org:/cvsroot/rt,,org.eclipse.ecf/releng/features/org.eclipse.ecf.example-feature

plugin@org.eclipse.ecf.example.clients=@CVSTag@,:pserver:anonymous@dev.eclipse.org:/cvsroot/rt,,org.eclipse.ecf/examples/bundles/org.eclipse.ecf.example.clients
plugin@org.eclipse.ecf.example.collab=@CVSTag@,:pserver:anonymous@dev.eclipse.org:/cvsroot/rt,,org.eclipse.ecf/examples/bundles/org.eclipse.ecf.example.collab 
plugin@org.eclipse.ecf.example.collab.editor=@CVSTag@,:pserver:anonymous@dev.eclipse.org:/cvsroot/rt,,org.eclipse.ecf/examples/bundles/org.eclipse.ecf.example.collab.editor
plugin@org.eclipse.ecf.examples.remoteservices.common=@CVSTag@,:pserver:anonymous@dev.eclipse.org:/cvsroot/rt,,org.eclipse.ecf/server-side/examples/bundles/org.eclipse.ecf.examples.remoteservices.common
plugin@org.eclipse.ecf.examples.remoteservices.client=@CVSTag@,:pserver:anonymous@dev.eclipse.org:/cvsroot/rt,,org.eclipse.ecf/server-side/examples/bundles/org.eclipse.ecf.examples.remoteservices.client
plugin@org.eclipse.ecf.examples.remoteservices.server=@CVSTag@,:pserver:anonymous@dev.eclipse.org:/cvsroot/rt,,org.eclipse.ecf/server-side/examples/bundles/org.eclipse.ecf.examples.remoteservices.server
plugin@org.eclipse.ecf.examples.updatesite.server=@CVSTag@,:pserver:anonymous@dev.eclipse.org:/cvsroot/rt,,org.eclipse.ecf/server-side/examples/bundles/org.eclipse.ecf.examples.updatesite.server
plugin@org.eclipse.ecf.examples.updatesite.client=@CVSTag@,:pserver:anonymous@dev.eclipse.org:/cvsroot/rt,,org.eclipse.ecf/server-side/examples/bundles/org.eclipse.ecf.examples.updatesite.client
