feature@org.eclipse.ecf.tests_feature=@CVSTag@,:pserver:anonymous@dev.eclipse.org:/cvsroot/rt,,org.eclipse.ecf/releng/features/org.eclipse.ecf.tests-feature

plugin@org.eclipse.tests=@CVSTag@,:pserver:anonymous@dev.eclipse.org:/cvsroot/rt,,org.eclipse.ecf/tests/bundles/org.eclipse.tests
plugin@org.eclipse.tests.datashare=@CVSTag@,:pserver:anonymous@dev.eclipse.org:/cvsroot/rt,,org.eclipse.ecf/tests/bundles/org.eclipse.tests.datashare
plugin@org.eclipse.tests.discovery=@CVSTag@,:pserver:anonymous@dev.eclipse.org:/cvsroot/rt,,org.eclipse.ecf/tests/bundles/org.eclipse.tests.discovery
plugin@org.eclipse.tests.filetransfer=@CVSTag@,:pserver:anonymous@dev.eclipse.org:/cvsroot/rt,,org.eclipse.ecf/tests/bundles/org.eclipse.tests.filetransfer
plugin@org.eclipse.tests.presence=@CVSTag@,:pserver:anonymous@dev.eclipse.org:/cvsroot/rt,,org.eclipse.ecf/tests/bundles/org.eclipse.tests.presence
plugin@org.eclipse.tests.remoteservice=@CVSTag@,:pserver:anonymous@dev.eclipse.org:/cvsroot/rt,,org.eclipse.ecf/tests/bundles/org.eclipse.tests.removeservice
plugin@org.eclipse.tests.sharedobject=@CVSTag@,:pserver:anonymous@dev.eclipse.org:/cvsroot/rt,,org.eclipse.ecf/tests/bundles/org.eclipse.tests.sharedobject
plugin@org.eclipse.tests.storage=@CVSTag@,:pserver:anonymous@dev.eclipse.org:/cvsroot/rt,,org.eclipse.ecf/tests/bundles/org.eclipse.tests.storage
plugin@org.eclipse.tests.sync=@CVSTag@,:pserver:anonymous@dev.eclipse.org:/cvsroot/rt,,org.eclipse.ecf/tests/bundles/org.eclipse.tests.sync

plugin@org.eclipse.tests.protocol.msn=@CVSTag@,:pserver:anonymous@dev.eclipse.org:/cvsroot/rt,,org.eclipse.ecf/tests/bundles/org.eclipse.tests.protocol.msn

plugin@org.eclipse.tests.provider.filetransfer.efc=@CVSTag@,:pserver:anonymous@dev.eclipse.org:/cvsroot/rt,,org.eclipse.ecf/tests/bundles/org.eclipse.tests.provider.filetransfer.efc
plugin@org.eclipse.tests.provider.filetransfer.scp=@CVSTag@,:pserver:anonymous@dev.eclipse.org:/cvsroot/rt,,org.eclipse.ecf/tests/bundles/org.eclipse.tests.provider.filetransfer.scp
plugin@org.eclipse.tests.provider.filetransfer.xmpp=@CVSTag@,:pserver:anonymous@dev.eclipse.org:/cvsroot/rt,,org.eclipse.ecf/tests/bundles/org.eclipse.tests.provider.filetransfer.xmpp
plugin@org.eclipse.tests.provider.jmdns=@CVSTag@,:pserver:anonymous@dev.eclipse.org:/cvsroot/rt,,org.eclipse.ecf/tests/bundles/org.eclipse.tests.provider.jmdns
plugin@org.eclipse.tests.provider.jslp=@CVSTag@,:pserver:anonymous@dev.eclipse.org:/cvsroot/rt,,org.eclipse.ecf/tests/bundles/org.eclipse.tests.provider.jslp
plugin@org.eclipse.tests.provider.xmpp=@CVSTag@,:pserver:anonymous@dev.eclipse.org:/cvsroot/rt,,org.eclipse.ecf/tests/bundles/org.eclipse.tests.provider.xmpp
