!****************  ECF CORE CONTRIBUTION  ******************************************************** 

feature@org.eclipse.ecf.core=@CVSTag@,:pserver:anonymous@dev.eclipse.org:/cvsroot/rt,,org.eclipse.ecf/releng/features/org.eclipse.ecf.core-feature

plugin@org.eclipse.ecf=@CVSTag@,:pserver:anonymous@dev.eclipse.org:/cvsroot/rt,,org.eclipse.ecf/framework/bundles/org.eclipse.ecf
fragment@org.eclipse.ecf.ssl=@CVSTag@,:pserver:anonymous@dev.eclipse.org:/cvsroot/rt,,org.eclipse.ecf/framework/bundles/org.eclipse.ecf.ssl
plugin@org.eclipse.ecf.identity=@CVSTag@,:pserver:anonymous@dev.eclipse.org:/cvsroot/rt,,org.eclipse.ecf/framework/bundles/org.eclipse.ecf.identity 
plugin@org.eclipse.ecf.sharedobject=@CVSTag@,:pserver:anonymous@dev.eclipse.org:/cvsroot/rt,,org.eclipse.ecf/framework/bundles/org.eclipse.ecf.sharedobject
plugin@org.eclipse.ecf.telephony.call=@CVSTag@,:pserver:anonymous@dev.eclipse.org:/cvsroot/rt,,org.eclipse.ecf/framework/bundles/org.eclipse.ecf.telephony.call
plugin@org.eclipse.ecf.telephony.call.ui=@CVSTag@,:pserver:anonymous@dev.eclipse.org:/cvsroot/rt,,org.eclipse.ecf/framework/bundles/org.eclipse.ecf.telephony.call.ui
plugin@org.eclipse.ecf.datashare=@CVSTag@,:pserver:anonymous@dev.eclipse.org:/cvsroot/rt,,org.eclipse.ecf/framework/bundles/org.eclipse.ecf.datashare
plugin@org.eclipse.ecf.discovery=@CVSTag@,:pserver:anonymous@dev.eclipse.org:/cvsroot/rt,,org.eclipse.ecf/framework/bundles/org.eclipse.ecf.discovery
plugin@org.eclipse.ecf.discovery.ui=@CVSTag@,:pserver:anonymous@dev.eclipse.org:/cvsroot/rt,,org.eclipse.ecf/framework/bundles/org.eclipse.ecf.discovery.ui
plugin@org.eclipse.ecf.discovery.ui.edit=@CVSTag@,:pserver:anonymous@dev.eclipse.org:/cvsroot/rt,,org.eclipse.ecf/framework/bundles/org.eclipse.ecf.discovery.ui.edit
plugin@org.eclipse.ecf.discovery.ui.model=@CVSTag@,:pserver:anonymous@dev.eclipse.org:/cvsroot/rt,,org.eclipse.ecf/framework/bundles/org.eclipse.ecf.discovery.ui.model
plugin@org.eclipse.ecf.discovery.ui.browser=@CVSTag@,:pserver:anonymous@dev.eclipse.org:/cvsroot/rt,,org.eclipse.ecf/framework/bundles/org.eclipse.ecf.discovery.ui.browser
fragment@org.eclipse.ecf.discovery.ui.properties=@CVSTag@,:pserver:anonymous@dev.eclipse.org:/cvsroot/rt,,org.eclipse.ecf/framework/bundles/org.eclipse.ecf.discovery.ui.properties
fragment@org.eclipse.ecf.discovery.ui.properties.tabbed=@CVSTag@,:pserver:anonymous@dev.eclipse.org:/cvsroot/rt,,org.eclipse.ecf/framework/bundles/org.eclipse.ecf.discovery.ui.properties.tabbed
plugin@org.eclipse.ecf.doc=@CVSTag@,:pserver:anonymous@dev.eclipse.org:/cvsroot/rt,,org.eclipse.ecf/doc/bundles/org.eclipse.ecf.doc
plugin@org.eclipse.ecf.filetransfer=@CVSTag@,:pserver:anonymous@dev.eclipse.org:/cvsroot/rt,,org.eclipse.ecf/framework/bundles/org.eclipse.ecf.filetransfer
plugin@org.eclipse.ecf.presence=@CVSTag@,:pserver:anonymous@dev.eclipse.org:/cvsroot/rt,,org.eclipse.ecf/framework/bundles/org.eclipse.ecf.presence
plugin@org.eclipse.ecf.presence.bot=@CVSTag@,:pserver:anonymous@dev.eclipse.org:/cvsroot/rt,,org.eclipse.ecf/framework/bundles/org.eclipse.ecf.presence.bot
plugin@org.eclipse.ecf.presence.ui=@CVSTag@,:pserver:anonymous@dev.eclipse.org:/cvsroot/rt,,org.eclipse.ecf/framework/bundles/org.eclipse.ecf.presence.ui
plugin@org.eclipse.ecf.presence.collab.ui=@CVSTag@,:pserver:anonymous@dev.eclipse.org:/cvsroot/rt,,org.eclipse.ecf/framework/bundles/org.eclipse.ecf.presence.collab.ui
plugin@org.eclipse.ecf.provider=@CVSTag@,:pserver:anonymous@dev.eclipse.org:/cvsroot/rt,,org.eclipse.ecf/framework/bundles/org.eclipse.ecf.provider
plugin@org.eclipse.ecf.provider.datashare=@CVSTag@,:pserver:anonymous@dev.eclipse.org:/cvsroot/rt,,org.eclipse.ecf/providers/bundles/org.eclipse.ecf.provider.datashare
plugin@org.eclipse.ecf.provider.datashare.nio=@CVSTag@,:pserver:anonymous@dev.eclipse.org:/cvsroot/rt,,org.eclipse.ecf/providers/bundles/org.eclipse.ecf.provider.datashare.nio
plugin@org.eclipse.ecf.provider.discovery=@CVSTag@,:pserver:anonymous@dev.eclipse.org:/cvsroot/rt,,org.eclipse.ecf/providers/bundles/org.eclipse.ecf.provider.discovery
plugin@org.eclipse.ecf.provider.filetransfer=@CVSTag@,:pserver:anonymous@dev.eclipse.org:/cvsroot/rt,,org.eclipse.ecf/providers/bundles/org.eclipse.ecf.provider.filetransfer
fragment@org.eclipse.ecf.provider.filetransfer.ssl=@CVSTag@,:pserver:anonymous@dev.eclipse.org:/cvsroot/rt,,org.eclipse.ecf/providers/bundles/org.eclipse.ecf.provider.filetransfer.ssl
plugin@org.eclipse.ecf.provider.filetransfer.httpclient=@CVSTag@,:pserver:anonymous@dev.eclipse.org:/cvsroot/rt,,org.eclipse.ecf/providers/bundles/org.eclipse.ecf.provider.filetransfer.httpclient
fragment@org.eclipse.ecf.provider.filetransfer.httpclient.ssl=@CVSTag@,:pserver:anonymous@dev.eclipse.org:/cvsroot/rt,,org.eclipse.ecf/providers/bundles/org.eclipse.ecf.provider.filetransfer.httpclient.ssl
plugin@org.eclipse.ecf.provider.filetransfer.efs=@CVSTag@,:pserver:anonymous@dev.eclipse.org:/cvsroot/rt,,org.eclipse.ecf/providers/bundles/org.eclipse.ecf.provider.filetransfer.efs
plugin@org.eclipse.ecf.provider.irc=@CVSTag@,:pserver:anonymous@dev.eclipse.org:/cvsroot/rt,,org.eclipse.ecf/providers/bundles/org.eclipse.ecf.provider.irc
plugin@org.eclipse.ecf.provider.irc.ui=@CVSTag@,:pserver:anonymous@dev.eclipse.org:/cvsroot/rt,,org.eclipse.ecf/providers/bundles/org.eclipse.ecf.provider.irc.ui
plugin@org.eclipse.ecf.provider.irc.bot=@CVSTag@,:pserver:anonymous@dev.eclipse.org:/cvsroot/rt,,org.eclipse.ecf/providers/bundles/org.eclipse.ecf.provider.irc.bot
plugin@org.eclipse.ecf.provider.jmdns=@CVSTag@,:pserver:anonymous@dev.eclipse.org:/cvsroot/rt,,org.eclipse.ecf/providers/bundles/org.eclipse.ecf.provider.jmdns
plugin@org.eclipse.ecf.provider.remoteservice=@CVSTag@,:pserver:anonymous@dev.eclipse.org:/cvsroot/rt,,org.eclipse.ecf/providers/bundles/org.eclipse.ecf.provider.remoteservice
plugin@org.eclipse.ecf.provider.ui=@CVSTag@,:pserver:anonymous@dev.eclipse.org:/cvsroot/rt,,org.eclipse.ecf/providers/bundles/org.eclipse.ecf.provider.ui
plugin@org.eclipse.ecf.provider.xmpp=@CVSTag@,:pserver:anonymous@dev.eclipse.org:/cvsroot/rt,,org.eclipse.ecf/providers/bundles/org.eclipse.ecf.provider.xmpp
plugin@org.eclipse.ecf.provider.xmpp.ui=@CVSTag@,:pserver:anonymous@dev.eclipse.org:/cvsroot/rt,,org.eclipse.ecf/providers/bundles/org.eclipse.ecf.provider.xmpp.ui
plugin@org.eclipse.ecf.remoteservice=@CVSTag@,:pserver:anonymous@dev.eclipse.org:/cvsroot/rt,,org.eclipse.ecf/framework/bundles/org.eclipse.ecf.remoteservice
plugin@org.eclipse.ecf.remoteservice.ui=@CVSTag@,:pserver:anonymous@dev.eclipse.org:/cvsroot/rt,,org.eclipse.ecf/framework/bundles/org.eclipse.ecf.remoteservice.ui
plugin@org.eclipse.ecf.server=@CVSTag@,:pserver:anonymous@dev.eclipse.org:/cvsroot/rt,,org.eclipse.ecf/server-side/bundles/org.eclipse.ecf.server
plugin@org.eclipse.ecf.server.generic=@CVSTag@,:pserver:anonymous@dev.eclipse.org:/cvsroot/rt,,org.eclipse.ecf/server-side/bundles/org.eclipse.ecf.server.generic
plugin@org.eclipse.ecf.ui=@CVSTag@,:pserver:anonymous@dev.eclipse.org:/cvsroot/rt,,org.eclipse.ecf/framework/bundles/org.eclipse.ecf.ui
plugin@org.jivesoftware.smack=@CVSTag@,:pserver:anonymous@dev.eclipse.org:/cvsroot/rt,,org.eclipse.ecf/protocols/bundles/org.jivesoftware.smack
plugin@org.eclipse.ecf.protocol.bittorrent=@CVSTag@,:pserver:anonymous@dev.eclipse.org:/cvsroot/rt,,org.eclipse.ecf/protocols/bundles/org.eclipse.ecf.protocol.bittorrent
plugin@org.eclipse.ecf.provider.bittorrent=@CVSTag@,:pserver:anonymous@dev.eclipse.org:/cvsroot/rt,,org.eclipse.ecf/providers/bundles/org.eclipse.ecf.provider.bittorrent
plugin@org.eclipse.ecf.provider.bittorrent.ui=@CVSTag@,:pserver:anonymous@dev.eclipse.org:/cvsroot/rt,,org.eclipse.ecf/providers/bundles/org.eclipse.ecf.provider.bittorrent.ui
plugin@org.eclipse.ecf.filetransfer.ui=@CVSTag@,:pserver:anonymous@dev.eclipse.org:/cvsroot/rt,,org.eclipse.ecf/framework/bundles/org.eclipse.ecf.filetransfer.ui
plugin@org.eclipse.ecf.protocol.msn=@CVSTag@,:pserver:anonymous@dev.eclipse.org:/cvsroot/rt,,org.eclipse.ecf/protocols/bundles/org.eclipse.ecf.protocol.msn
plugin@org.eclipse.ecf.provider.msn=@CVSTag@,:pserver:anonymous@dev.eclipse.org:/cvsroot/rt,,org.eclipse.ecf/providers/bundles/org.eclipse.ecf.provider.msn
plugin@org.eclipse.ecf.provider.msn.ui=@CVSTag@,:pserver:anonymous@dev.eclipse.org:/cvsroot/rt,,org.eclipse.ecf/providers/bundles/org.eclipse.ecf.provider.msn.ui
plugin@org.eclipse.ecf.docshare=@CVSTag@,:pserver:anonymous@dev.eclipse.org:/cvsroot/rt,,org.eclipse.ecf/framework/bundles/org.eclipse.ecf.docshare
plugin@org.eclipse.ecf.provider.filetransfer.scp=@CVSTag@,:pserver:anonymous@dev.eclipse.org:/cvsroot/rt,,org.eclipse.ecf/providers/bundles/org.eclipse.ecf.provider.filetransfer.scp
plugin@org.eclipse.ecf.provider.jslp=@CVSTag@,:pserver:anonymous@dev.eclipse.org:/cvsroot/rt,,org.eclipse.ecf/providers/bundles/org.eclipse.ecf.provider.jslp
plugin@ch.ethz.iks.r_osgi.remote=@CVSTag@,:pserver:anonymous@dev.eclipse.org:/cvsroot/rt,,org.eclipse.ecf/protocols/bundles/ch.ethz.iks.r_osgi.remote
plugin@org.eclipse.ecf.provider.r_osgi=@CVSTag@,:pserver:anonymous@dev.eclipse.org:/cvsroot/rt,,org.eclipse.ecf/providers/bundles/org.eclipse.ecf.provider.r_osgi
plugin@org.eclipse.ecf.sync=@CVSTag@,:pserver:anonymous@dev.eclipse.org:/cvsroot/rt,,org.eclipse.ecf/framework/bundles/org.eclipse.ecf.sync
plugin@org.eclipse.ecf.storage=@CVSTag@,:pserver:anonymous@dev.eclipse.org:/cvsroot/rt,,org.eclipse.ecf/framework/bundles/org.eclipse.ecf.storage
plugin@ch.ethz.iks.slp=@CVSTag@,:pserver:anonymous@dev.eclipse.org:/cvsroot/rt,,org.eclipse.ecf/protocols/bundles/ch.ethz.iks.slp
plugin@org.eclipse.team.ecf.core=@CVSTag@,:pserver:anonymous@dev.eclipse.org:/cvsroot/rt,,org.eclipse.ecf/framework/bundles/org.eclipse.team.ecf.core
plugin@org.eclipse.team.ecf.ui=@CVSTag@,:pserver:anonymous@dev.eclipse.org:/cvsroot/rt,,org.eclipse.ecf/framework/bundles/org.eclipse.team.ecf.ui
plugin@org.eclipse.ecf.ui.capabilities=@CVSTag@,:pserver:anonymous@dev.eclipse.org:/cvsroot/rt,,org.eclipse.ecf/framework/bundles/org.eclipse.ecf.ui.capabilities
plugin@org.eclipse.ecf.remoteservice.rest=@CVSTag@,:pserver:anonymous@dev.eclipse.org:/cvsroot/rt,,org.eclipse.ecf/framework/bundles/org.eclipse.ecf.remoteservice.rest

plugin@org.eclipse.ecf.osgi.services=@CVSTag@,:pserver:anonymous@dev.eclipse.org:/cvsroot/rt,,org.eclipse.ecf/compendium/bundles/org.eclipse.ecf.osgi.services
plugin@org.eclipse.ecf.osgi.services.discovery=@CVSTag@,:pserver:anonymous@dev.eclipse.org:/cvsroot/rt,,org.eclipse.ecf/compendium/bundles/org.eclipse.ecf.osgi.services.discovery
plugin@org.eclipse.ecf.osgi.services.distribution=@CVSTag@,:pserver:anonymous@dev.eclipse.org:/cvsroot/rt,,org.eclipse.ecf/compendium/bundles/org.eclipse.ecf.osgi.services.distribution
plugin@org.eclipse.ecf.osgi.services.discovery.local=@CVSTag@,:pserver:anonymous@dev.eclipse.org:/cvsroot/rt,,org.eclipse.ecf/compendium/bundles/org.eclipse.ecf.osgi.services.discovery.local
plugin@org.eclipse.ecf.provider.localdiscovery=@CVSTag@,:pserver:anonymous@dev.eclipse.org:/cvsroot/rt,,org.eclipse.ecf/providers/bundles/org.eclipse.ecf.provider.localdiscovery

plugin@org.eclipse.ecf.example.clients=@CVSTag@,:pserver:anonymous@dev.eclipse.org:/cvsroot/rt,,org.eclipse.ecf/examples/bundles/org.eclipse.ecf.example.clients
plugin@org.eclipse.ecf.example.collab=@CVSTag@,:pserver:anonymous@dev.eclipse.org:/cvsroot/rt,,org.eclipse.ecf/examples/bundles/org.eclipse.ecf.example.collab 
plugin@org.eclipse.ecf.example.collab.editor=@CVSTag@,:pserver:anonymous@dev.eclipse.org:/cvsroot/rt,,org.eclipse.ecf/examples/bundles/org.eclipse.ecf.example.collab.editor
plugin@org.eclipse.ecf.examples.eventadmin.app=@CVSTag@,:pserver:anonymous@dev.eclipse.org:/cvsroot/rt,,org.eclipse.ecf/examples/bundles/org.eclipse.ecf.examples.eventadmin.app
plugin@org.eclipse.ecf.examples.remoteservices.common=@CVSTag@,:pserver:anonymous@dev.eclipse.org:/cvsroot/rt,,org.eclipse.ecf/server-side/examples/bundles/org.eclipse.ecf.examples.remoteservices.common
fragment@org.eclipse.ecf.examples.remoteservices.client=@CVSTag@,:pserver:anonymous@dev.eclipse.org:/cvsroot/rt,,org.eclipse.ecf/server-side/examples/bundles/org.eclipse.ecf.examples.remoteservices.client
plugin@org.eclipse.ecf.examples.remoteservices.server=@CVSTag@,:pserver:anonymous@dev.eclipse.org:/cvsroot/rt,,org.eclipse.ecf/server-side/examples/bundles/org.eclipse.ecf.examples.remoteservices.server
plugin@org.eclipse.ecf.examples.updatesite.server=@CVSTag@,:pserver:anonymous@dev.eclipse.org:/cvsroot/rt,,org.eclipse.ecf/server-side/examples/bundles/org.eclipse.ecf.examples.updatesite.server
plugin@org.eclipse.ecf.examples.updatesite.client=@CVSTag@,:pserver:anonymous@dev.eclipse.org:/cvsroot/rt,,org.eclipse.ecf/server-side/examples/bundles/org.eclipse.ecf.examples.updatesite.client

plugin@org.eclipse.ecf.examples.remoteservices.hello=@CVSTag@,:pserver:anonymous@dev.eclipse.org:/cvsroot/rt,,org.eclipse.ecf/examples/bundles/org.eclipse.ecf.examples.remoteservices.hello
plugin@org.eclipse.ecf.examples.remoteservices.hello.host=@CVSTag@,:pserver:anonymous@dev.eclipse.org:/cvsroot/rt,,org.eclipse.ecf/examples/bundles/org.eclipse.ecf.examples.remoteservices.hello.host
plugin@org.eclipse.ecf.examples.remoteservices.hello.consumer=@CVSTag@,:pserver:anonymous@dev.eclipse.org:/cvsroot/rt,,org.eclipse.ecf/examples/bundles/org.eclipse.ecf.examples.remoteservices.hello.consumer

plugin@org.eclipse.ecf.remoteservice.eventadmin=@CVSTag@,:pserver:anonymous@dev.eclipse.org:/cvsroot/rt,,org.eclipse.ecf/server-side/bundles/org.eclipse.ecf.remoteservice.eventadmin

plugin@org.apache.commons.codec,1.3.0=GET,http://download.eclipse.org/tools/orbit/downloads/drops/R20090529135407/bundles/org.apache.commons.codec_1.3.0.v20080530-1600.jar
plugin@org.apache.commons.codec.source,1.3.0=GET,http://download.eclipse.org/tools/orbit/downloads/drops/R20090529135407/bundles/org.apache.commons.codec.source_1.3.0.v20080530-1600.jar

plugin@org.apache.commons.httpclient,3.1.0=GET,http://download.eclipse.org/tools/orbit/downloads/drops/R20090529135407/bundles/org.apache.commons.httpclient_3.1.0.v20080605-1935.jar
plugin@org.apache.commons.httpclient.source,3.1.0=GET,http://download.eclipse.org/tools/orbit/downloads/drops/R20090529135407/bundles/org.apache.commons.httpclient.source_3.1.0.v20080605-1935.jar

plugin@org.apache.commons.logging,1.0.4=GET,http://download.eclipse.org/tools/orbit/downloads/drops/R20090529135407/bundles/org.apache.commons.logging_1.0.4.v200904062259.jar
plugin@org.apache.commons.logging.source,1.0.4=GET,http://download.eclipse.org/tools/orbit/downloads/drops/R20090529135407/bundles/org.apache.commons.logging.source_1.0.4.v200904062259.jar

plugin@org.objectweb.asm,3.1.0=GET,http://download.eclipse.org/tools/orbit/downloads/drops/R20090529135407/bundles/org.objectweb.asm_3.1.0.v200803061910.jar
plugin@org.objectweb.asm.source,3.1.0=GET,http://download.eclipse.org/tools/orbit/downloads/drops/R20090529135407/bundles/org.objectweb.asm.source_3.1.0.v200803061910.jar
