!****************  ECF CORE CONTRIBUTION  ******************************************************** 

feature@org.eclipse.ecf.core=@CVSTag@,:pserver:anonymous@dev.eclipse.org:/cvsroot/rt,,org.eclipse.ecf/releng/features/org.eclipse.ecf.core-feature

plugin@org.eclipse.ecf=@CVSTag@,:pserver:anonymous@dev.eclipse.org:/cvsroot/rt,,org.eclipse.ecf/framework/bundles/org.eclipse.ecf
fragment@org.eclipse.ecf.ssl=@CVSTag@,:pserver:anonymous@dev.eclipse.org:/cvsroot/rt,,org.eclipse.ecf/framework/bundles/org.eclipse.ecf.ssl
plugin@org.eclipse.ecf.identity=@CVSTag@,:pserver:anonymous@dev.eclipse.org:/cvsroot/rt,,org.eclipse.ecf/framework/bundles/org.eclipse.ecf.identity 
plugin@org.eclipse.ecf.sharedobject=@CVSTag@,:pserver:anonymous@dev.eclipse.org:/cvsroot/rt,,org.eclipse.ecf/framework/bundles/org.eclipse.ecf.sharedobject
plugin@org.eclipse.ecf.telephony.call=@CVSTag@,:pserver:anonymous@dev.eclipse.org:/cvsroot/rt,,org.eclipse.ecf/framework/bundles/org.eclipse.ecf.telephony.call
plugin@org.eclipse.ecf.telephony.call.ui=@CVSTag@,:pserver:anonymous@dev.eclipse.org:/cvsroot/rt,,org.eclipse.ecf/framework/bundles/org.eclipse.ecf.telephony.call.ui
plugin@org.eclipse.ecf.datashare=@CVSTag@,:pserver:anonymous@dev.eclipse.org:/cvsroot/rt,,org.eclipse.ecf/framework/bundles/org.eclipse.ecf.datashare
plugin@org.eclipse.ecf.discovery=@CVSTag@,:pserver:anonymous@dev.eclipse.org:/cvsroot/rt,,org.eclipse.ecf/framework/bundles/org.eclipse.ecf.discovery
plugin@org.eclipse.ecf.discovery.ui=@CVSTag@,:pserver:anonymous@dev.eclipse.org:/cvsroot/rt,,org.eclipse.ecf/framework/bundles/org.eclipse.ecf.discovery.ui
plugin@org.eclipse.ecf.doc=@CVSTag@,:pserver:anonymous@dev.eclipse.org:/cvsroot/rt,,org.eclipse.ecf/doc/bundles/org.eclipse.ecf.doc
plugin@org.eclipse.ecf.filetransfer=@CVSTag@,:pserver:anonymous@dev.eclipse.org:/cvsroot/rt,,org.eclipse.ecf/framework/bundles/org.eclipse.ecf.filetransfer
plugin@org.eclipse.ecf.presence=@CVSTag@,:pserver:anonymous@dev.eclipse.org:/cvsroot/rt,,org.eclipse.ecf/framework/bundles/org.eclipse.ecf.presence
plugin@org.eclipse.ecf.presence.bot=@CVSTag@,:pserver:anonymous@dev.eclipse.org:/cvsroot/rt,,org.eclipse.ecf/framework/bundles/org.eclipse.ecf.presence.bot
plugin@org.eclipse.ecf.presence.ui=@CVSTag@,:pserver:anonymous@dev.eclipse.org:/cvsroot/rt,,org.eclipse.ecf/framework/bundles/org.eclipse.ecf.presence.ui
plugin@org.eclipse.ecf.presence.collab.ui=@CVSTag@,:pserver:anonymous@dev.eclipse.org:/cvsroot/rt,,org.eclipse.ecf/framework/bundles/org.eclipse.ecf.presence.collab.ui
plugin@org.eclipse.ecf.provider=@CVSTag@,:pserver:anonymous@dev.eclipse.org:/cvsroot/rt,,org.eclipse.ecf/framework/bundles/org.eclipse.ecf.provider
plugin@org.eclipse.ecf.provider.datashare=@CVSTag@,:pserver:anonymous@dev.eclipse.org:/cvsroot/rt,,org.eclipse.ecf/providers/bundles/org.eclipse.ecf.provider.datashare
plugin@org.eclipse.ecf.provider.discovery=@CVSTag@,:pserver:anonymous@dev.eclipse.org:/cvsroot/rt,,org.eclipse.ecf/providers/bundles/org.eclipse.ecf.provider.discovery
plugin@org.eclipse.ecf.provider.filetransfer=@CVSTag@,:pserver:anonymous@dev.eclipse.org:/cvsroot/rt,,org.eclipse.ecf/providers/bundles/org.eclipse.ecf.provider.filetransfer
fragment@org.eclipse.ecf.provider.filetransfer.ssl=@CVSTag@,:pserver:anonymous@dev.eclipse.org:/cvsroot/rt,,org.eclipse.ecf/providers/bundles/org.eclipse.ecf.provider.filetransfer.ssl
plugin@org.eclipse.ecf.provider.filetransfer.httpclient=@CVSTag@,:pserver:anonymous@dev.eclipse.org:/cvsroot/rt,,org.eclipse.ecf/providers/bundles/org.eclipse.ecf.provider.filetransfer.httpclient
fragment@org.eclipse.ecf.provider.filetransfer.httpclient.ssl=@CVSTag@,:pserver:anonymous@dev.eclipse.org:/cvsroot/rt,,org.eclipse.ecf/providers/bundles/org.eclipse.ecf.provider.filetransfer.httpclient.ssl
plugin@org.eclipse.ecf.provider.filetransfer.efs=@CVSTag@,:pserver:anonymous@dev.eclipse.org:/cvsroot/rt,,org.eclipse.ecf/providers/bundles/org.eclipse.ecf.provider.filetransfer.efs
plugin@org.eclipse.ecf.provider.irc=@CVSTag@,:pserver:anonymous@dev.eclipse.org:/cvsroot/rt,,org.eclipse.ecf/providers/bundles/org.eclipse.ecf.provider.irc
plugin@org.eclipse.ecf.provider.irc.ui=@CVSTag@,:pserver:anonymous@dev.eclipse.org:/cvsroot/rt,,org.eclipse.ecf/providers/bundles/org.eclipse.ecf.provider.irc.ui
plugin@org.eclipse.ecf.provider.jmdns=@CVSTag@,:pserver:anonymous@dev.eclipse.org:/cvsroot/rt,,org.eclipse.ecf/providers/bundles/org.eclipse.ecf.provider.jmdns
plugin@org.eclipse.ecf.provider.remoteservice=@CVSTag@,:pserver:anonymous@dev.eclipse.org:/cvsroot/rt,,org.eclipse.ecf/providers/bundles/org.eclipse.ecf.provider.remoteservice
plugin@org.eclipse.ecf.provider.ui=@CVSTag@,:pserver:anonymous@dev.eclipse.org:/cvsroot/rt,,org.eclipse.ecf/providers/bundles/org.eclipse.ecf.provider.ui
plugin@org.eclipse.ecf.provider.xmpp=@CVSTag@,:pserver:anonymous@dev.eclipse.org:/cvsroot/rt,,org.eclipse.ecf/providers/bundles/org.eclipse.ecf.provider.xmpp
plugin@org.eclipse.ecf.provider.xmpp.ui=@CVSTag@,:pserver:anonymous@dev.eclipse.org:/cvsroot/rt,,org.eclipse.ecf/providers/bundles/org.eclipse.ecf.provider.xmpp.ui
plugin@org.eclipse.ecf.remoteservice=@CVSTag@,:pserver:anonymous@dev.eclipse.org:/cvsroot/rt,,org.eclipse.ecf/framework/bundles/org.eclipse.ecf.remoteservice
plugin@org.eclipse.ecf.remoteservice.ui=@CVSTag@,:pserver:anonymous@dev.eclipse.org:/cvsroot/rt,,org.eclipse.ecf/framework/bundles/org.eclipse.ecf.remoteservice.ui
plugin@org.eclipse.ecf.server=@CVSTag@,:pserver:anonymous@dev.eclipse.org:/cvsroot/rt,,org.eclipse.ecf/server-side/bundles/org.eclipse.ecf.server
plugin@org.eclipse.ecf.server.generic=@CVSTag@,:pserver:anonymous@dev.eclipse.org:/cvsroot/rt,,org.eclipse.ecf/server-side/bundles/org.eclipse.ecf.server.generic
plugin@org.eclipse.ecf.ui=@CVSTag@,:pserver:anonymous@dev.eclipse.org:/cvsroot/rt,,org.eclipse.ecf/framework/bundles/org.eclipse.ecf.ui
plugin@org.jivesoftware.smack=@CVSTag@,:pserver:anonymous@dev.eclipse.org:/cvsroot/rt,,org.eclipse.ecf/protocols/bundles/org.jivesoftware.smack
plugin@org.eclipse.ecf.protocol.bittorrent=@CVSTag@,:pserver:anonymous@dev.eclipse.org:/cvsroot/rt,,org.eclipse.ecf/protocols/bundles/org.eclipse.ecf.protocol.bittorrent
plugin@org.eclipse.ecf.provider.bittorrent=@CVSTag@,:pserver:anonymous@dev.eclipse.org:/cvsroot/rt,,org.eclipse.ecf/providers/bundles/org.eclipse.ecf.provider.bittorrent
plugin@org.eclipse.ecf.provider.bittorrent.ui=@CVSTag@,:pserver:anonymous@dev.eclipse.org:/cvsroot/rt,,org.eclipse.ecf/providers/bundles/org.eclipse.ecf.provider.bittorrent.ui
plugin@org.eclipse.ecf.filetransfer.ui=@CVSTag@,:pserver:anonymous@dev.eclipse.org:/cvsroot/rt,,org.eclipse.ecf/framework/bundles/org.eclipse.ecf.filetransfer.ui
plugin@org.eclipse.ecf.protocol.msn=@CVSTag@,:pserver:anonymous@dev.eclipse.org:/cvsroot/rt,,org.eclipse.ecf/protocols/bundles/org.eclipse.ecf.protocol.msn
plugin@org.eclipse.ecf.provider.msn=@CVSTag@,:pserver:anonymous@dev.eclipse.org:/cvsroot/rt,,org.eclipse.ecf/providers/bundles/org.eclipse.ecf.provider.msn
plugin@org.eclipse.ecf.provider.msn.ui=@CVSTag@,:pserver:anonymous@dev.eclipse.org:/cvsroot/rt,,org.eclipse.ecf/providers/bundles/org.eclipse.ecf.provider.msn.ui
plugin@org.eclipse.ecf.docshare=@CVSTag@,:pserver:anonymous@dev.eclipse.org:/cvsroot/rt,,org.eclipse.ecf/framework/bundles/org.eclipse.ecf.docshare
plugin@org.eclipse.ecf.provider.filetransfer.scp=@CVSTag@,:pserver:anonymous@dev.eclipse.org:/cvsroot/rt,,org.eclipse.ecf/providers/bundles/org.eclipse.ecf.provider.filetransfer.scp
plugin@org.eclipse.ecf.provider.jslp=@CVSTag@,:pserver:anonymous@dev.eclipse.org:/cvsroot/rt,,org.eclipse.ecf/providers/bundles/org.eclipse.ecf.provider.jslp
plugin@ch.ethz.iks.r_osgi.remote=@CVSTag@,:pserver:anonymous@dev.eclipse.org:/cvsroot/rt,,org.eclipse.ecf/protocols/bundles/ch.ethz.iks.r_osgi.remote
plugin@org.eclipse.ecf.provider.r_osgi=@CVSTag@,:pserver:anonymous@dev.eclipse.org:/cvsroot/rt,,org.eclipse.ecf/providers/bundles/org.eclipse.ecf.provider.r_osgi

plugin@ch.ethz.iks.slp,1.0.0=GET,http://download.eclipse.org/tools/orbit/downloads/drops/R20080611105805/bundles/ch.ethz.iks.slp_1.0.0.RC4_v200806091030.jar
plugin@com.jcraft.jsch,0.1.31=GET,http://download.eclipse.org/tools/orbit/downloads/drops/R20080611105805/bundles/com.jcraft.jsch_0.1.31.jar
plugin@org.objectweb.asm,3.0.0=GET,http://download.eclipse.org/tools/orbit/downloads/drops/R20080611105805/bundles/org.objectweb.asm_3.0.0.v200803061811.jar
plugin@org.apache.commons.codec,1.2.0=GET,http://download.eclipse.org/tools/orbit/downloads/drops/R20080611105805/bundles/org.apache.commons.codec_1.2.0.v20080530-1550.jar
plugin@org.apache.commons.httpclient,3.0.1=GET,http://download.eclipse.org/tools/orbit/downloads/drops/R20080611105805/bundles/org.apache.commons.httpclient_3.0.1.v20080605-1930.jar

