feature@org.eclipse.ecf.tests.feature=@CVSTag@,:pserver:anonymous@dev.eclipse.org:/cvsroot/rt,,org.eclipse.ecf/releng/features/org.eclipse.ecf.tests.feature

plugin@org.eclipse.ecf.tests=@CVSTag@,:pserver:anonymous@dev.eclipse.org:/cvsroot/rt,,org.eclipse.ecf/tests/bundles/org.eclipse.ecf.tests
plugin@org.eclipse.ecf.tests.apache.httpclient.server=@CVSTag@,:pserver:anonymous@dev.eclipse.org:/cvsroot/rt,,org.eclipse.ecf/tests/bundles/org.eclipse.ecf.tests.apache.httpclient.server
plugin@org.eclipse.ecf.tests.datashare=@CVSTag@,:pserver:anonymous@dev.eclipse.org:/cvsroot/rt,,org.eclipse.ecf/tests/bundles/org.eclipse.ecf.tests.datashare
plugin@org.eclipse.ecf.tests.discovery=@CVSTag@,:pserver:anonymous@dev.eclipse.org:/cvsroot/rt,,org.eclipse.ecf/tests/bundles/org.eclipse.ecf.tests.discovery
plugin@org.eclipse.ecf.tests.filetransfer=@CVSTag@,:pserver:anonymous@dev.eclipse.org:/cvsroot/rt,,org.eclipse.ecf/tests/bundles/org.eclipse.ecf.tests.filetransfer
plugin@org.eclipse.ecf.tests.filetransfer.httpserver=@CVSTag@,:pserver:anonymous@dev.eclipse.org:/cvsroot/rt,,org.eclipse.ecf/tests/bundles/org.eclipse.ecf.tests.filetransfer.httpserver
plugin@org.eclipse.ecf.tests.presence=@CVSTag@,:pserver:anonymous@dev.eclipse.org:/cvsroot/rt,,org.eclipse.ecf/tests/bundles/org.eclipse.ecf.tests.presence
plugin@org.eclipse.ecf.tests.remoteservice=@CVSTag@,:pserver:anonymous@dev.eclipse.org:/cvsroot/rt,,org.eclipse.ecf/tests/bundles/org.eclipse.ecf.tests.remoteservice
plugin@org.eclipse.ecf.tests.sharedobject=@CVSTag@,:pserver:anonymous@dev.eclipse.org:/cvsroot/rt,,org.eclipse.ecf/tests/bundles/org.eclipse.ecf.tests.sharedobject
plugin@org.eclipse.ecf.tests.storage=@CVSTag@,:pserver:anonymous@dev.eclipse.org:/cvsroot/rt,,org.eclipse.ecf/tests/bundles/org.eclipse.ecf.tests.storage
plugin@org.eclipse.ecf.tests.sync=@CVSTag@,:pserver:anonymous@dev.eclipse.org:/cvsroot/rt,,org.eclipse.ecf/tests/bundles/org.eclipse.ecf.tests.sync

plugin@org.eclipse.ecf.tests.protocol.msn=@CVSTag@,:pserver:anonymous@dev.eclipse.org:/cvsroot/rt,,org.eclipse.ecf/tests/bundles/org.eclipse.ecf.tests.protocol.msn

plugin@org.eclipse.ecf.tests.provider.filetransfer.efs=@CVSTag@,:pserver:anonymous@dev.eclipse.org:/cvsroot/rt,,org.eclipse.ecf/tests/bundles/org.eclipse.ecf.tests.provider.filetransfer.efs
plugin@org.eclipse.ecf.tests.provider.filetransfer.scp=@CVSTag@,:pserver:anonymous@dev.eclipse.org:/cvsroot/rt,,org.eclipse.ecf/tests/bundles/org.eclipse.ecf.tests.provider.filetransfer.scp
plugin@org.eclipse.ecf.tests.provider.filetransfer.xmpp=@CVSTag@,:pserver:anonymous@dev.eclipse.org:/cvsroot/rt,,org.eclipse.ecf/tests/bundles/org.eclipse.ecf.tests.provider.filetransfer.xmpp
plugin@org.eclipse.ecf.tests.provider.datashare.nio=@CVSTag@,:pserver:anonymous@dev.eclipse.org:/cvsroot/rt,,org.eclipse.ecf/tests/bundles/org.eclipse.ecf.tests.provider.datashare.nio
plugin@org.eclipse.ecf.tests.provider.discovery=@CVSTag@,:pserver:anonymous@dev.eclipse.org:/cvsroot/rt,,org.eclipse.ecf/tests/bundles/org.eclipse.ecf.tests.provider.discovery
plugin@org.eclipse.ecf.tests.provider.jmdns=@CVSTag@,:pserver:anonymous@dev.eclipse.org:/cvsroot/rt,,org.eclipse.ecf/tests/bundles/org.eclipse.ecf.tests.provider.jmdns
plugin@org.eclipse.ecf.tests.provider.jslp=@CVSTag@,:pserver:anonymous@dev.eclipse.org:/cvsroot/rt,,org.eclipse.ecf/tests/bundles/org.eclipse.ecf.tests.provider.jslp
plugin@org.eclipse.ecf.tests.provider.xmpp=@CVSTag@,:pserver:anonymous@dev.eclipse.org:/cvsroot/rt,,org.eclipse.ecf/tests/bundles/org.eclipse.ecf.tests.provider.xmpp

plugin@org.eclipse.ecf.tests.osgi.services.discovery=@CVSTag@,:pserver:anonymous@dev.eclipse.org:/cvsroot/rt,,org.eclipse.ecf/tests/bundles/org.eclipse.ecf.tests.osgi.services.discovery
plugin@org.eclipse.ecf.tests.osgi.services.distribution=@CVSTag@,:pserver:anonymous@dev.eclipse.org:/cvsroot/rt,,org.eclipse.ecf/tests/bundles/org.eclipse.ecf.tests.osgi.services.distribution
